// Jest Snapshot v1, https://goo.gl/fbAQLP

exports[`DayForecast should render correctly 1`] = `
<div
  class="p-2 border rounded shadow-sm"
  data-testid="dayForecast"
>
  <img
    alt="Sunny"
    class="mb-2"
    data-nimg="1"
    decoding="async"
    height="40"
    loading="lazy"
    src="/_next/image?url=https%3A%2F%2Fexample.com%2Fsunny-icon.png&w=96&q=75"
    srcset="/_next/image?url=https%3A%2F%2Fexample.com%2Fsunny-icon.png&w=48&q=75 1x, /_next/image?url=https%3A%2F%2Fexample.com%2Fsunny-icon.png&w=96&q=75 2x"
    style="color: transparent;"
    width="40"
  />
  <p
    class="text-gray-700 font-medium"
  >
    2023-10-06
  </p>
  <p>
    Temperature: 22Â°C
  </p>
  <p
    class="text-sm text-gray-600"
  >
    Condition: Sunny
  </p>
</div>
`;
